
k

test.prototests"5
Outer
s1 (Rs1
s2 (2.tests.InnerRs2"
Inner
i2 (	Ri2bproto3